// Jest Snapshot v1, https://goo.gl/fbAQLP

exports[`TopBar should render correctly 1`] = `
<DocumentFragment>
  <header
    class="MuiPaper-root MuiPaper-elevation MuiPaper-elevation4 MuiAppBar-root MuiAppBar-colorTransparent MuiAppBar-positionStatic css-v526sl-MuiPaper-root-MuiAppBar-root"
  >
    <div
      class="MuiToolbar-root MuiToolbar-gutters MuiToolbar-regular css-hyum1k-MuiToolbar-root"
    >
      <button
        aria-label="logo"
        class="MuiButtonBase-root MuiIconButton-root MuiIconButton-colorInherit MuiIconButton-edgeStart MuiIconButton-sizeLarge css-184mzhy-MuiButtonBase-root-MuiIconButton-root"
        tabindex="0"
        type="button"
      >
        <svg
          aria-hidden="true"
          class="MuiSvgIcon-root MuiSvgIcon-fontSizeMedium css-i4bv87-MuiSvgIcon-root"
          data-testid="CatchingPokemonIcon"
          focusable="false"
          viewBox="0 0 24 24"
        >
          <path
            d="M14.5 12c0 1.38-1.12 2.5-2.5 2.5S9.5 13.38 9.5 12s1.12-2.5 2.5-2.5 2.5 1.12 2.5 2.5zm7.5 0c0 5.52-4.48 10-10 10S2 17.52 2 12 6.48 2 12 2s10 4.48 10 10zm-2 0h-4c0-2.21-1.79-4-4-4s-4 1.79-4 4H4c0 4.41 3.59 8 8 8s8-3.59 8-8z"
          />
        </svg>
        <span
          class="MuiTouchRipple-root css-8je8zh-MuiTouchRipple-root"
        />
      </button>
      <div
        class="MuiTypography-root MuiTypography-h6 css-1juivf6-MuiTypography-root"
      >
        SPRINT PLANNER
      </div>
    </div>
  </header>
</DocumentFragment>
`;
